#! /usr/bin/vvp
:ivl_version "12.0 (stable)";
:ivl_delay_selection "TYPICAL";
:vpi_time_precision - 12;
:vpi_module "/usr/lib/x86_64-linux-gnu/ivl/system.vpi";
:vpi_module "/usr/lib/x86_64-linux-gnu/ivl/vhdl_sys.vpi";
:vpi_module "/usr/lib/x86_64-linux-gnu/ivl/vhdl_textio.vpi";
:vpi_module "/usr/lib/x86_64-linux-gnu/ivl/v2005_math.vpi";
:vpi_module "/usr/lib/x86_64-linux-gnu/ivl/va_math.vpi";
S_0x56b9cb70aa10 .scope module, "tb_counter_2bit" "tb_counter_2bit" 2 38;
 .timescale -9 -12;
P_0x56b9cb6e10a0 .param/l "delay" 0 2 39, +C4<00000000000000000000000011001000>;
v0x56b9cb7323f0_0 .var "clk", 0 0;
v0x56b9cb732490_0 .net "q", 1 0, L_0x56b9cb732aa0;  1 drivers
v0x56b9cb732550_0 .var "rst", 0 0;
S_0x56b9cb71be80 .scope module, "dut" "counter_2bit" 2 43, 2 18 0, S_0x56b9cb70aa10;
 .timescale -9 -12;
    .port_info 0 /INPUT 1 "clk";
    .port_info 1 /INPUT 1 "rst";
    .port_info 2 /OUTPUT 2 "q";
L_0x56b9cb732740 .functor NOT 1, L_0x56b9cb732620, C4<0>, C4<0>, C4<0>;
L_0x56b9cb732990 .functor XOR 1, L_0x56b9cb732850, L_0x56b9cb7328f0, C4<0>, C4<0>;
v0x56b9cb731cc0_0 .net *"_ivl_1", 0 0, L_0x56b9cb732620;  1 drivers
v0x56b9cb731dc0_0 .net *"_ivl_5", 0 0, L_0x56b9cb732850;  1 drivers
v0x56b9cb731ea0_0 .net *"_ivl_7", 0 0, L_0x56b9cb7328f0;  1 drivers
v0x56b9cb731f60_0 .net "clk", 0 0, v0x56b9cb7323f0_0;  1 drivers
v0x56b9cb732050_0 .net "d0", 0 0, L_0x56b9cb732740;  1 drivers
v0x56b9cb732140_0 .net "d1", 0 0, L_0x56b9cb732990;  1 drivers
v0x56b9cb7321e0_0 .net "q", 1 0, L_0x56b9cb732aa0;  alias, 1 drivers
v0x56b9cb732280_0 .net "rst", 0 0, v0x56b9cb732550_0;  1 drivers
L_0x56b9cb732620 .part L_0x56b9cb732aa0, 0, 1;
L_0x56b9cb732850 .part L_0x56b9cb732aa0, 1, 1;
L_0x56b9cb7328f0 .part L_0x56b9cb732aa0, 0, 1;
L_0x56b9cb732aa0 .concat8 [ 1 1 0 0], v0x56b9cb709cc0_0, v0x56b9cb731a90_0;
S_0x56b9cb71c0b0 .scope module, "ff0" "d_ff" 2 30, 2 3 0, S_0x56b9cb71be80;
 .timescale -9 -12;
    .port_info 0 /INPUT 1 "clk";
    .port_info 1 /INPUT 1 "rst";
    .port_info 2 /INPUT 1 "d";
    .port_info 3 /OUTPUT 1 "q";
v0x56b9cb7097d0_0 .net "clk", 0 0, v0x56b9cb7323f0_0;  alias, 1 drivers
v0x56b9cb7098d0_0 .net "d", 0 0, L_0x56b9cb732740;  alias, 1 drivers
v0x56b9cb709cc0_0 .var "q", 0 0;
v0x56b9cb7092a0_0 .net "rst", 0 0, v0x56b9cb732550_0;  alias, 1 drivers
E_0x56b9cb71abc0 .event posedge, v0x56b9cb7092a0_0, v0x56b9cb7097d0_0;
S_0x56b9cb7316e0 .scope module, "ff1" "d_ff" 2 31, 2 3 0, S_0x56b9cb71be80;
 .timescale -9 -12;
    .port_info 0 /INPUT 1 "clk";
    .port_info 1 /INPUT 1 "rst";
    .port_info 2 /INPUT 1 "d";
    .port_info 3 /OUTPUT 1 "q";
v0x56b9cb731950_0 .net "clk", 0 0, v0x56b9cb7323f0_0;  alias, 1 drivers
v0x56b9cb7319f0_0 .net "d", 0 0, L_0x56b9cb732990;  alias, 1 drivers
v0x56b9cb731a90_0 .var "q", 0 0;
v0x56b9cb731b60_0 .net "rst", 0 0, v0x56b9cb732550_0;  alias, 1 drivers
    .scope S_0x56b9cb71c0b0;
T_0 ;
    %wait E_0x56b9cb71abc0;
    %load/vec4 v0x56b9cb7092a0_0;
    %flag_set/vec4 8;
    %jmp/0xz  T_0.0, 8;
    %pushi/vec4 0, 0, 1;
    %assign/vec4 v0x56b9cb709cc0_0, 0;
    %jmp T_0.1;
T_0.0 ;
    %load/vec4 v0x56b9cb7098d0_0;
    %assign/vec4 v0x56b9cb709cc0_0, 0;
T_0.1 ;
    %jmp T_0;
    .thread T_0;
    .scope S_0x56b9cb7316e0;
T_1 ;
    %wait E_0x56b9cb71abc0;
    %load/vec4 v0x56b9cb731b60_0;
    %flag_set/vec4 8;
    %jmp/0xz  T_1.0, 8;
    %pushi/vec4 0, 0, 1;
    %assign/vec4 v0x56b9cb731a90_0, 0;
    %jmp T_1.1;
T_1.0 ;
    %load/vec4 v0x56b9cb7319f0_0;
    %assign/vec4 v0x56b9cb731a90_0, 0;
T_1.1 ;
    %jmp T_1;
    .thread T_1;
    .scope S_0x56b9cb70aa10;
T_2 ;
    %delay 5000, 0;
    %load/vec4 v0x56b9cb7323f0_0;
    %inv;
    %store/vec4 v0x56b9cb7323f0_0, 0, 1;
    %jmp T_2;
    .thread T_2;
    .scope S_0x56b9cb70aa10;
T_3 ;
    %vpi_call 2 49 "$dumpfile", "wave.vcd" {0 0 0};
    %vpi_call 2 50 "$dumpvars", 32'sb00000000000000000000000000000000, S_0x56b9cb70aa10 {0 0 0};
    %pushi/vec4 0, 0, 1;
    %store/vec4 v0x56b9cb7323f0_0, 0, 1;
    %pushi/vec4 1, 0, 1;
    %store/vec4 v0x56b9cb732550_0, 0, 1;
    %delay 20000, 0;
    %pushi/vec4 0, 0, 1;
    %store/vec4 v0x56b9cb732550_0, 0, 1;
    %end;
    .thread T_3;
    .scope S_0x56b9cb70aa10;
T_4 ;
    %vpi_call 2 63 "$monitor", "%0t : Q = %b", $time, v0x56b9cb732490_0 {0 0 0};
    %delay 200000, 0;
    %vpi_call 2 65 "$finish" {0 0 0};
    %end;
    .thread T_4;
# The file index is used to find the file name in the following table.
:file_names 3;
    "N/A";
    "<interactive>";
    "/home/siddu/Desktop/vivado/verilog/count_4bit.v";
