#! /usr/bin/vvp
:ivl_version "12.0 (stable)";
:ivl_delay_selection "TYPICAL";
:vpi_time_precision - 12;
:vpi_module "/usr/lib/x86_64-linux-gnu/ivl/system.vpi";
:vpi_module "/usr/lib/x86_64-linux-gnu/ivl/vhdl_sys.vpi";
:vpi_module "/usr/lib/x86_64-linux-gnu/ivl/vhdl_textio.vpi";
:vpi_module "/usr/lib/x86_64-linux-gnu/ivl/v2005_math.vpi";
:vpi_module "/usr/lib/x86_64-linux-gnu/ivl/va_math.vpi";
S_0x6151545ac000 .scope module, "ALU_tb" "ALU_tb" 2 78;
 .timescale -9 -12;
v0x6151545e5ef0_0 .var "A", 3 0;
v0x6151545e5fd0_0 .var "B", 3 0;
v0x6151545e6090_0 .net "Cout", 0 0, v0x6151545e51c0_0;  1 drivers
v0x6151545e6190_0 .net "Out", 3 0, v0x6151545e5300_0;  1 drivers
v0x6151545e6260_0 .net "ParityFlg", 0 0, v0x6151545e53a0_0;  1 drivers
v0x6151545e6300_0 .var "Sel", 2 0;
v0x6151545e63d0_0 .net "carryFlg", 0 0, v0x6151545e5790_0;  1 drivers
v0x6151545e64a0_0 .net "overflowFlg", 0 0, v0x6151545e59f0_0;  1 drivers
v0x6151545e6570_0 .net "signFlg", 0 0, v0x6151545e5b80_0;  1 drivers
v0x6151545e6640_0 .net "zeroFlg", 0 0, v0x6151545e5d10_0;  1 drivers
S_0x6151545c02e0 .scope module, "alu0" "ALU0" 2 87, 2 29 0, S_0x6151545ac000;
 .timescale 0 0;
    .port_info 0 /INPUT 4 "A";
    .port_info 1 /INPUT 4 "B";
    .port_info 2 /INPUT 3 "Sel";
    .port_info 3 /OUTPUT 4 "Out";
    .port_info 4 /OUTPUT 1 "Cout";
    .port_info 5 /OUTPUT 1 "zeroFlg";
    .port_info 6 /OUTPUT 1 "signFlg";
    .port_info 7 /OUTPUT 1 "overflowFlg";
    .port_info 8 /OUTPUT 1 "carryFlg";
    .port_info 9 /OUTPUT 1 "ParityFlg";
v0x6151545e4ea0_0 .net "A", 3 0, v0x6151545e5ef0_0;  1 drivers
v0x6151545e4f60_0 .net "B", 3 0, v0x6151545e5fd0_0;  1 drivers
v0x6151545e5020_0 .net "Borrow", 0 0, L_0x6151545e6ce0;  1 drivers
v0x6151545e50f0_0 .net "Carry", 0 0, L_0x6151545e6710;  1 drivers
v0x6151545e51c0_0 .var "Cout", 0 0;
v0x6151545e5260_0 .net "Diff", 3 0, L_0x6151545e6dd0;  1 drivers
v0x6151545e5300_0 .var "Out", 3 0;
v0x6151545e53a0_0 .var "ParityFlg", 0 0;
v0x6151545e5460_0 .net "Sel", 2 0, v0x6151545e6300_0;  1 drivers
v0x6151545e55d0_0 .net "Sum", 3 0, L_0x6151545e67b0;  1 drivers
v0x6151545e56c0_0 .net "andOut", 3 0, L_0x6151545e6bd0;  1 drivers
v0x6151545e5790_0 .var "carryFlg", 0 0;
v0x6151545e5830_0 .net "notOut", 3 0, L_0x6151545e7480;  1 drivers
v0x6151545e5920_0 .net "orOut", 3 0, L_0x6151545e73c0;  1 drivers
v0x6151545e59f0_0 .var "overflowFlg", 0 0;
v0x6151545e5a90_0 .net "shiftOut", 3 0, L_0x6151545e79f0;  1 drivers
v0x6151545e5b80_0 .var "signFlg", 0 0;
v0x6151545e5c20_0 .net "xorOut", 3 0, L_0x6151545e7540;  1 drivers
v0x6151545e5d10_0 .var "zeroFlg", 0 0;
E_0x6151545b8980/0 .event anyedge, v0x6151545e5300_0, v0x6151545e5460_0, v0x6151545a5880_0, v0x6151545e2040_0;
E_0x6151545b8980/1 .event anyedge, v0x6151545e51c0_0;
E_0x6151545b8980 .event/or E_0x6151545b8980/0, E_0x6151545b8980/1;
E_0x6151545b7530/0 .event anyedge, v0x6151545e5460_0, v0x6151545e21c0_0, v0x6151545e2120_0, v0x6151545e3ac0_0;
E_0x6151545b7530/1 .event anyedge, v0x6151545e3a20_0, v0x6151545e2b50_0, v0x6151545e34c0_0, v0x6151545e2f60_0;
E_0x6151545b7530/2 .event anyedge, v0x6151545e4d60_0, v0x6151545e43f0_0;
E_0x6151545b7530 .event/or E_0x6151545b7530/0, E_0x6151545b7530/1, E_0x6151545b7530/2;
S_0x6151545c05c0 .scope module, "a1" "adder_4bit" 2 44, 2 1 0, S_0x6151545c02e0;
 .timescale 0 0;
    .port_info 0 /INPUT 4 "A";
    .port_info 1 /INPUT 4 "B";
    .port_info 2 /OUTPUT 4 "Sum";
    .port_info 3 /OUTPUT 1 "Cout";
v0x6151545a5880_0 .net "A", 3 0, v0x6151545e5ef0_0;  alias, 1 drivers
v0x6151545e2040_0 .net "B", 3 0, v0x6151545e5fd0_0;  alias, 1 drivers
v0x6151545e2120_0 .net "Cout", 0 0, L_0x6151545e6710;  alias, 1 drivers
v0x6151545e21c0_0 .net "Sum", 3 0, L_0x6151545e67b0;  alias, 1 drivers
L_0x735d1cd86060 .functor BUFT 1, C4<0>, C4<0>, C4<0>, C4<0>;
v0x6151545e22a0_0 .net *"_ivl_10", 0 0, L_0x735d1cd86060;  1 drivers
v0x6151545e23d0_0 .net *"_ivl_11", 4 0, L_0x6151545e6b30;  1 drivers
v0x6151545e24b0_0 .net *"_ivl_3", 4 0, L_0x6151545e68f0;  1 drivers
L_0x735d1cd86018 .functor BUFT 1, C4<0>, C4<0>, C4<0>, C4<0>;
v0x6151545e2590_0 .net *"_ivl_6", 0 0, L_0x735d1cd86018;  1 drivers
v0x6151545e2670_0 .net *"_ivl_7", 4 0, L_0x6151545e69e0;  1 drivers
L_0x6151545e6710 .part L_0x6151545e6b30, 4, 1;
L_0x6151545e67b0 .part L_0x6151545e6b30, 0, 4;
L_0x6151545e68f0 .concat [ 4 1 0 0], v0x6151545e5ef0_0, L_0x735d1cd86018;
L_0x6151545e69e0 .concat [ 4 1 0 0], v0x6151545e5fd0_0, L_0x735d1cd86060;
L_0x6151545e6b30 .arith/sum 5, L_0x6151545e68f0, L_0x6151545e69e0;
S_0x6151545e27d0 .scope module, "an1" "and_4bit" 2 46, 2 9 0, S_0x6151545c02e0;
 .timescale 0 0;
    .port_info 0 /INPUT 4 "A";
    .port_info 1 /INPUT 4 "B";
    .port_info 2 /OUTPUT 4 "Out";
L_0x6151545e6bd0 .functor AND 4, v0x6151545e5ef0_0, v0x6151545e5fd0_0, C4<1111>, C4<1111>;
v0x6151545e29d0_0 .net "A", 3 0, v0x6151545e5ef0_0;  alias, 1 drivers
v0x6151545e2ab0_0 .net "B", 3 0, v0x6151545e5fd0_0;  alias, 1 drivers
v0x6151545e2b50_0 .net "Out", 3 0, L_0x6151545e6bd0;  alias, 1 drivers
S_0x6151545e2c70 .scope module, "n1" "not_4bit" 2 48, 2 17 0, S_0x6151545c02e0;
 .timescale 0 0;
    .port_info 0 /INPUT 4 "A";
    .port_info 1 /OUTPUT 4 "Out";
L_0x6151545e7480 .functor NOT 4, v0x6151545e5ef0_0, C4<0000>, C4<0000>, C4<0000>;
v0x6151545e2e50_0 .net "A", 3 0, v0x6151545e5ef0_0;  alias, 1 drivers
v0x6151545e2f60_0 .net "Out", 3 0, L_0x6151545e7480;  alias, 1 drivers
S_0x6151545e30a0 .scope module, "o1" "or_4bit" 2 47, 2 13 0, S_0x6151545c02e0;
 .timescale 0 0;
    .port_info 0 /INPUT 4 "A";
    .port_info 1 /INPUT 4 "B";
    .port_info 2 /OUTPUT 4 "Out";
L_0x6151545e73c0 .functor OR 4, v0x6151545e5ef0_0, v0x6151545e5fd0_0, C4<0000>, C4<0000>;
v0x6151545e32d0_0 .net "A", 3 0, v0x6151545e5ef0_0;  alias, 1 drivers
v0x6151545e33b0_0 .net "B", 3 0, v0x6151545e5fd0_0;  alias, 1 drivers
v0x6151545e34c0_0 .net "Out", 3 0, L_0x6151545e73c0;  alias, 1 drivers
S_0x6151545e3600 .scope module, "s1" "subtractor_4bit" 2 45, 2 5 0, S_0x6151545c02e0;
 .timescale 0 0;
    .port_info 0 /INPUT 4 "A";
    .port_info 1 /INPUT 4 "B";
    .port_info 2 /OUTPUT 4 "Diff";
    .port_info 3 /OUTPUT 1 "Bout";
v0x6151545e38a0_0 .net "A", 3 0, v0x6151545e5ef0_0;  alias, 1 drivers
v0x6151545e3960_0 .net "B", 3 0, v0x6151545e5fd0_0;  alias, 1 drivers
v0x6151545e3a20_0 .net "Bout", 0 0, L_0x6151545e6ce0;  alias, 1 drivers
v0x6151545e3ac0_0 .net "Diff", 3 0, L_0x6151545e6dd0;  alias, 1 drivers
L_0x735d1cd860f0 .functor BUFT 1, C4<0>, C4<0>, C4<0>, C4<0>;
v0x6151545e3ba0_0 .net *"_ivl_10", 0 0, L_0x735d1cd860f0;  1 drivers
v0x6151545e3c80_0 .net *"_ivl_11", 4 0, L_0x6151545e7230;  1 drivers
v0x6151545e3d60_0 .net *"_ivl_3", 4 0, L_0x6151545e6f10;  1 drivers
L_0x735d1cd860a8 .functor BUFT 1, C4<0>, C4<0>, C4<0>, C4<0>;
v0x6151545e3e40_0 .net *"_ivl_6", 0 0, L_0x735d1cd860a8;  1 drivers
v0x6151545e3f20_0 .net *"_ivl_7", 4 0, L_0x6151545e7000;  1 drivers
L_0x6151545e6ce0 .part L_0x6151545e7230, 4, 1;
L_0x6151545e6dd0 .part L_0x6151545e7230, 0, 4;
L_0x6151545e6f10 .concat [ 4 1 0 0], v0x6151545e5ef0_0, L_0x735d1cd860a8;
L_0x6151545e7000 .concat [ 4 1 0 0], v0x6151545e5fd0_0, L_0x735d1cd860f0;
L_0x6151545e7230 .arith/sub 5, L_0x6151545e6f10, L_0x6151545e7000;
S_0x6151545e4110 .scope module, "sh1" "shift_4bit" 2 50, 2 25 0, S_0x6151545c02e0;
 .timescale 0 0;
    .port_info 0 /INPUT 4 "A";
    .port_info 1 /INPUT 1 "shift";
    .port_info 2 /INPUT 2 "pos";
    .port_info 3 /OUTPUT 4 "Out";
L_0x6151545e79f0 .functor BUFT 4, L_0x6151545e7600, C4<0000>, C4<0000>, C4<0000>;
v0x6151545e4310_0 .net "A", 3 0, v0x6151545e5ef0_0;  alias, 1 drivers
v0x6151545e43f0_0 .net "Out", 3 0, L_0x6151545e79f0;  alias, 1 drivers
v0x6151545e44d0_0 .net *"_ivl_0", 3 0, L_0x6151545e7600;  1 drivers
v0x6151545e4590_0 .net *"_ivl_2", 3 0, L_0x6151545e76a0;  1 drivers
L_0x735d1cd86180 .functor BUFT 1, C4<01>, C4<0>, C4<0>, C4<0>;
v0x6151545e4670_0 .net "pos", 1 0, L_0x735d1cd86180;  1 drivers
L_0x735d1cd86138 .functor BUFT 1, C4<1>, C4<0>, C4<0>, C4<0>;
v0x6151545e47a0_0 .net "shift", 0 0, L_0x735d1cd86138;  1 drivers
L_0x6151545e7600 .shift/l 4, v0x6151545e5ef0_0, L_0x735d1cd86180;
L_0x6151545e76a0 .shift/r 4, v0x6151545e5ef0_0, L_0x735d1cd86180;
S_0x6151545e48e0 .scope module, "x1" "xor_4bit" 2 49, 2 21 0, S_0x6151545c02e0;
 .timescale 0 0;
    .port_info 0 /INPUT 4 "A";
    .port_info 1 /INPUT 4 "B";
    .port_info 2 /OUTPUT 4 "Out";
L_0x6151545e7540 .functor XOR 4, v0x6151545e5ef0_0, v0x6151545e5fd0_0, C4<0000>, C4<0000>;
v0x6151545e4b30_0 .net "A", 3 0, v0x6151545e5ef0_0;  alias, 1 drivers
v0x6151545e4c10_0 .net "B", 3 0, v0x6151545e5fd0_0;  alias, 1 drivers
v0x6151545e4d60_0 .net "Out", 3 0, L_0x6151545e7540;  alias, 1 drivers
    .scope S_0x6151545c02e0;
T_0 ;
    %wait E_0x6151545b7530;
    %load/vec4 v0x6151545e5460_0;
    %dup/vec4;
    %pushi/vec4 0, 0, 3;
    %cmp/u;
    %jmp/1 T_0.0, 6;
    %dup/vec4;
    %pushi/vec4 1, 0, 3;
    %cmp/u;
    %jmp/1 T_0.1, 6;
    %dup/vec4;
    %pushi/vec4 2, 0, 3;
    %cmp/u;
    %jmp/1 T_0.2, 6;
    %dup/vec4;
    %pushi/vec4 3, 0, 3;
    %cmp/u;
    %jmp/1 T_0.3, 6;
    %dup/vec4;
    %pushi/vec4 4, 0, 3;
    %cmp/u;
    %jmp/1 T_0.4, 6;
    %dup/vec4;
    %pushi/vec4 5, 0, 3;
    %cmp/u;
    %jmp/1 T_0.5, 6;
    %dup/vec4;
    %pushi/vec4 6, 0, 3;
    %cmp/u;
    %jmp/1 T_0.6, 6;
    %pushi/vec4 0, 0, 4;
    %store/vec4 v0x6151545e5300_0, 0, 4;
    %pushi/vec4 0, 0, 1;
    %store/vec4 v0x6151545e51c0_0, 0, 1;
    %jmp T_0.8;
T_0.0 ;
    %load/vec4 v0x6151545e55d0_0;
    %store/vec4 v0x6151545e5300_0, 0, 4;
    %load/vec4 v0x6151545e50f0_0;
    %store/vec4 v0x6151545e51c0_0, 0, 1;
    %jmp T_0.8;
T_0.1 ;
    %load/vec4 v0x6151545e5260_0;
    %store/vec4 v0x6151545e5300_0, 0, 4;
    %load/vec4 v0x6151545e5020_0;
    %store/vec4 v0x6151545e51c0_0, 0, 1;
    %jmp T_0.8;
T_0.2 ;
    %load/vec4 v0x6151545e56c0_0;
    %store/vec4 v0x6151545e5300_0, 0, 4;
    %pushi/vec4 0, 0, 1;
    %store/vec4 v0x6151545e51c0_0, 0, 1;
    %jmp T_0.8;
T_0.3 ;
    %load/vec4 v0x6151545e5920_0;
    %store/vec4 v0x6151545e5300_0, 0, 4;
    %pushi/vec4 0, 0, 1;
    %store/vec4 v0x6151545e51c0_0, 0, 1;
    %jmp T_0.8;
T_0.4 ;
    %load/vec4 v0x6151545e5830_0;
    %store/vec4 v0x6151545e5300_0, 0, 4;
    %pushi/vec4 0, 0, 1;
    %store/vec4 v0x6151545e51c0_0, 0, 1;
    %jmp T_0.8;
T_0.5 ;
    %load/vec4 v0x6151545e5c20_0;
    %store/vec4 v0x6151545e5300_0, 0, 4;
    %pushi/vec4 0, 0, 1;
    %store/vec4 v0x6151545e51c0_0, 0, 1;
    %jmp T_0.8;
T_0.6 ;
    %load/vec4 v0x6151545e5a90_0;
    %store/vec4 v0x6151545e5300_0, 0, 4;
    %pushi/vec4 0, 0, 1;
    %store/vec4 v0x6151545e51c0_0, 0, 1;
    %jmp T_0.8;
T_0.8 ;
    %pop/vec4 1;
    %jmp T_0;
    .thread T_0, $push;
    .scope S_0x6151545c02e0;
T_1 ;
    %wait E_0x6151545b8980;
    %load/vec4 v0x6151545e5300_0;
    %or/r;
    %inv;
    %store/vec4 v0x6151545e5d10_0, 0, 1;
    %load/vec4 v0x6151545e5300_0;
    %parti/s 1, 3, 3;
    %store/vec4 v0x6151545e5b80_0, 0, 1;
    %load/vec4 v0x6151545e5460_0;
    %cmpi/e 0, 0, 3;
    %flag_mov 8, 4;
    %jmp/0 T_1.0, 8;
    %load/vec4 v0x6151545e4ea0_0;
    %parti/s 1, 3, 3;
    %load/vec4 v0x6151545e4f60_0;
    %parti/s 1, 3, 3;
    %cmp/e;
    %flag_get/vec4 4;
    %jmp/0 T_1.2, 4;
    %load/vec4 v0x6151545e5300_0;
    %parti/s 1, 3, 3;
    %load/vec4 v0x6151545e4ea0_0;
    %parti/s 1, 3, 3;
    %cmp/ne;
    %flag_get/vec4 4;
    %and;
T_1.2;
    %jmp/1 T_1.1, 8;
T_1.0 ; End of true expr.
    %load/vec4 v0x6151545e5460_0;
    %cmpi/e 1, 0, 3;
    %flag_mov 9, 4;
    %jmp/0 T_1.3, 9;
    %load/vec4 v0x6151545e4ea0_0;
    %parti/s 1, 3, 3;
    %load/vec4 v0x6151545e4f60_0;
    %parti/s 1, 3, 3;
    %cmp/ne;
    %flag_get/vec4 4;
    %jmp/0 T_1.5, 4;
    %load/vec4 v0x6151545e5300_0;
    %parti/s 1, 3, 3;
    %load/vec4 v0x6151545e4ea0_0;
    %parti/s 1, 3, 3;
    %cmp/ne;
    %flag_get/vec4 4;
    %and;
T_1.5;
    %jmp/1 T_1.4, 9;
T_1.3 ; End of true expr.
    %pushi/vec4 0, 0, 1;
    %jmp/0 T_1.4, 9;
 ; End of false expr.
    %blend;
T_1.4;
    %jmp/0 T_1.1, 8;
 ; End of false expr.
    %blend;
T_1.1;
    %store/vec4 v0x6151545e59f0_0, 0, 1;
    %load/vec4 v0x6151545e51c0_0;
    %store/vec4 v0x6151545e5790_0, 0, 1;
    %load/vec4 v0x6151545e5300_0;
    %xor/r;
    %inv;
    %store/vec4 v0x6151545e53a0_0, 0, 1;
    %jmp T_1;
    .thread T_1, $push;
    .scope S_0x6151545ac000;
T_2 ;
    %vpi_call 2 101 "$dumpfile", "wave.vcd" {0 0 0};
    %vpi_call 2 102 "$dumpvars", 32'sb00000000000000000000000000000000, S_0x6151545ac000 {0 0 0};
    %vpi_call 2 104 "$monitor", "%0t | A=%b  B=%b  Sel=%b  => Out=%b  Cout=%b  zeroFlg=%b  signFlg=%b  overflowFlg=%b  carryFlg=%b  ParityFlg=%b", $time, v0x6151545e5ef0_0, v0x6151545e5fd0_0, v0x6151545e6300_0, v0x6151545e6190_0, v0x6151545e6090_0, v0x6151545e6640_0, v0x6151545e6570_0, v0x6151545e64a0_0, v0x6151545e63d0_0, v0x6151545e6260_0 {0 0 0};
    %pushi/vec4 12, 0, 4;
    %store/vec4 v0x6151545e5ef0_0, 0, 4;
    %pushi/vec4 10, 0, 4;
    %store/vec4 v0x6151545e5fd0_0, 0, 4;
    %pushi/vec4 0, 0, 3;
    %store/vec4 v0x6151545e6300_0, 0, 3;
    %delay 10000, 0;
    %pushi/vec4 1, 0, 3;
    %store/vec4 v0x6151545e6300_0, 0, 3;
    %delay 10000, 0;
    %pushi/vec4 2, 0, 3;
    %store/vec4 v0x6151545e6300_0, 0, 3;
    %delay 10000, 0;
    %pushi/vec4 3, 0, 3;
    %store/vec4 v0x6151545e6300_0, 0, 3;
    %delay 10000, 0;
    %pushi/vec4 4, 0, 3;
    %store/vec4 v0x6151545e6300_0, 0, 3;
    %delay 10000, 0;
    %pushi/vec4 5, 0, 3;
    %store/vec4 v0x6151545e6300_0, 0, 3;
    %delay 10000, 0;
    %pushi/vec4 6, 0, 3;
    %store/vec4 v0x6151545e6300_0, 0, 3;
    %delay 10000, 0;
    %vpi_call 2 132 "$finish" {0 0 0};
    %end;
    .thread T_2;
# The file index is used to find the file name in the following table.
:file_names 3;
    "N/A";
    "<interactive>";
    "/home/siddu/Desktop/vivado/verilog/FourBit_ALU.v";
