#! /usr/bin/vvp
:ivl_version "12.0 (stable)";
:ivl_delay_selection "TYPICAL";
:vpi_time_precision + 0;
:vpi_module "/usr/lib/x86_64-linux-gnu/ivl/system.vpi";
:vpi_module "/usr/lib/x86_64-linux-gnu/ivl/vhdl_sys.vpi";
:vpi_module "/usr/lib/x86_64-linux-gnu/ivl/vhdl_textio.vpi";
:vpi_module "/usr/lib/x86_64-linux-gnu/ivl/v2005_math.vpi";
:vpi_module "/usr/lib/x86_64-linux-gnu/ivl/va_math.vpi";
S_0x5d41f55ad760 .scope module, "top" "top" 2 9;
 .timescale 0 0;
v0x5d41f55c9600_0 .var/i "count", 31 0;
v0x5d41f55c96e0_0 .var "data", 3 0;
v0x5d41f55c97c0_0 .var "select", 1 0;
v0x5d41f55c9880_0 .net "t1", 0 0, L_0x5d41f55c9f90;  1 drivers
v0x5d41f55c9920_0 .net "t2", 0 0, L_0x5d41f55ca6b0;  1 drivers
v0x5d41f55c9a10_0 .net "t3", 0 0, L_0x5d41f55cae40;  1 drivers
L_0x5d41f55ca120 .part v0x5d41f55c96e0_0, 0, 2;
L_0x5d41f55ca1c0 .part v0x5d41f55c97c0_0, 0, 1;
L_0x5d41f55ca840 .part v0x5d41f55c96e0_0, 2, 2;
L_0x5d41f55ca930 .part v0x5d41f55c97c0_0, 0, 1;
L_0x5d41f55cafa0 .concat [ 1 1 0 0], L_0x5d41f55c9f90, L_0x5d41f55ca6b0;
L_0x5d41f55cb040 .part v0x5d41f55c97c0_0, 1, 1;
S_0x5d41f55ad8f0 .scope module, "m1" "mux2x1" 2 14, 2 1 0, S_0x5d41f55ad760;
 .timescale 0 0;
    .port_info 0 /INPUT 2 "dataIn";
    .port_info 1 /INPUT 1 "sel";
    .port_info 2 /OUTPUT 1 "muxOut";
L_0x5d41f55c9b80 .functor NOT 1, L_0x5d41f55ca1c0, C4<0>, C4<0>, C4<0>;
L_0x5d41f55c9c50 .functor AND 1, L_0x5d41f55c9ab0, L_0x5d41f55c9b80, C4<1>, C4<1>;
L_0x5d41f55c9e80 .functor AND 1, L_0x5d41f55c9d90, L_0x5d41f55ca1c0, C4<1>, C4<1>;
L_0x5d41f55c9f90 .functor OR 1, L_0x5d41f55c9c50, L_0x5d41f55c9e80, C4<0>, C4<0>;
v0x5d41f55adb20_0 .net *"_ivl_1", 0 0, L_0x5d41f55c9ab0;  1 drivers
v0x5d41f55c7c10_0 .net *"_ivl_2", 0 0, L_0x5d41f55c9b80;  1 drivers
v0x5d41f55c7cf0_0 .net *"_ivl_4", 0 0, L_0x5d41f55c9c50;  1 drivers
v0x5d41f55c7db0_0 .net *"_ivl_7", 0 0, L_0x5d41f55c9d90;  1 drivers
v0x5d41f55c7e90_0 .net *"_ivl_8", 0 0, L_0x5d41f55c9e80;  1 drivers
v0x5d41f55c7fc0_0 .net "dataIn", 1 0, L_0x5d41f55ca120;  1 drivers
v0x5d41f55c80a0_0 .net "muxOut", 0 0, L_0x5d41f55c9f90;  alias, 1 drivers
v0x5d41f55c8160_0 .net "sel", 0 0, L_0x5d41f55ca1c0;  1 drivers
L_0x5d41f55c9ab0 .part L_0x5d41f55ca120, 0, 1;
L_0x5d41f55c9d90 .part L_0x5d41f55ca120, 1, 1;
S_0x5d41f55c82a0 .scope module, "m2" "mux2x1" 2 15, 2 1 0, S_0x5d41f55ad760;
 .timescale 0 0;
    .port_info 0 /INPUT 2 "dataIn";
    .port_info 1 /INPUT 1 "sel";
    .port_info 2 /OUTPUT 1 "muxOut";
L_0x5d41f55ca300 .functor NOT 1, L_0x5d41f55ca930, C4<0>, C4<0>, C4<0>;
L_0x5d41f55ca370 .functor AND 1, L_0x5d41f55ca260, L_0x5d41f55ca300, C4<1>, C4<1>;
L_0x5d41f55ca5a0 .functor AND 1, L_0x5d41f55ca4b0, L_0x5d41f55ca930, C4<1>, C4<1>;
L_0x5d41f55ca6b0 .functor OR 1, L_0x5d41f55ca370, L_0x5d41f55ca5a0, C4<0>, C4<0>;
v0x5d41f55c84d0_0 .net *"_ivl_1", 0 0, L_0x5d41f55ca260;  1 drivers
v0x5d41f55c85d0_0 .net *"_ivl_2", 0 0, L_0x5d41f55ca300;  1 drivers
v0x5d41f55c86b0_0 .net *"_ivl_4", 0 0, L_0x5d41f55ca370;  1 drivers
v0x5d41f55c8770_0 .net *"_ivl_7", 0 0, L_0x5d41f55ca4b0;  1 drivers
v0x5d41f55c8850_0 .net *"_ivl_8", 0 0, L_0x5d41f55ca5a0;  1 drivers
v0x5d41f55c8980_0 .net "dataIn", 1 0, L_0x5d41f55ca840;  1 drivers
v0x5d41f55c8a60_0 .net "muxOut", 0 0, L_0x5d41f55ca6b0;  alias, 1 drivers
v0x5d41f55c8b20_0 .net "sel", 0 0, L_0x5d41f55ca930;  1 drivers
L_0x5d41f55ca260 .part L_0x5d41f55ca840, 0, 1;
L_0x5d41f55ca4b0 .part L_0x5d41f55ca840, 1, 1;
S_0x5d41f55c8c60 .scope module, "m3" "mux2x1" 2 16, 2 1 0, S_0x5d41f55ad760;
 .timescale 0 0;
    .port_info 0 /INPUT 2 "dataIn";
    .port_info 1 /INPUT 1 "sel";
    .port_info 2 /OUTPUT 1 "muxOut";
L_0x5d41f55caac0 .functor NOT 1, L_0x5d41f55cb040, C4<0>, C4<0>, C4<0>;
L_0x5d41f55cab30 .functor AND 1, L_0x5d41f55caa20, L_0x5d41f55caac0, C4<1>, C4<1>;
L_0x5d41f55cad30 .functor AND 1, L_0x5d41f55cac40, L_0x5d41f55cb040, C4<1>, C4<1>;
L_0x5d41f55cae40 .functor OR 1, L_0x5d41f55cab30, L_0x5d41f55cad30, C4<0>, C4<0>;
v0x5d41f55c8e90_0 .net *"_ivl_1", 0 0, L_0x5d41f55caa20;  1 drivers
v0x5d41f55c8f70_0 .net *"_ivl_2", 0 0, L_0x5d41f55caac0;  1 drivers
v0x5d41f55c9050_0 .net *"_ivl_4", 0 0, L_0x5d41f55cab30;  1 drivers
v0x5d41f55c9110_0 .net *"_ivl_7", 0 0, L_0x5d41f55cac40;  1 drivers
v0x5d41f55c91f0_0 .net *"_ivl_8", 0 0, L_0x5d41f55cad30;  1 drivers
v0x5d41f55c9320_0 .net "dataIn", 1 0, L_0x5d41f55cafa0;  1 drivers
v0x5d41f55c9400_0 .net "muxOut", 0 0, L_0x5d41f55cae40;  alias, 1 drivers
v0x5d41f55c94c0_0 .net "sel", 0 0, L_0x5d41f55cb040;  1 drivers
L_0x5d41f55caa20 .part L_0x5d41f55cafa0, 0, 1;
L_0x5d41f55cac40 .part L_0x5d41f55cafa0, 1, 1;
    .scope S_0x5d41f55ad760;
T_0 ;
    %vpi_call 2 19 "$dumpfile", "wave.vcd" {0 0 0};
    %vpi_call 2 20 "$dumpvars", 32'sb00000000000000000000000000000000, S_0x5d41f55ad760 {0 0 0};
    %vpi_call 2 21 "$monitor", "data = %b, select = %b, out  = %b", v0x5d41f55c96e0_0, v0x5d41f55c97c0_0, v0x5d41f55c9a10_0 {0 0 0};
    %delay 1, 0;
    %pushi/vec4 0, 0, 2;
    %store/vec4 v0x5d41f55c97c0_0, 0, 2;
    %pushi/vec4 1, 0, 4;
    %store/vec4 v0x5d41f55c96e0_0, 0, 4;
    %pushi/vec4 1, 0, 32;
    %store/vec4 v0x5d41f55c9600_0, 0, 32;
T_0.0 ;
    %load/vec4 v0x5d41f55c9600_0;
    %cmpi/s 3, 0, 32;
    %flag_or 5, 4;
    %jmp/0xz T_0.1, 5;
    %delay 1, 0;
    %load/vec4 v0x5d41f55c96e0_0;
    %ix/load 4, 1, 0;
    %flag_set/imm 4, 0;
    %shiftl 4;
    %store/vec4 v0x5d41f55c96e0_0, 0, 4;
    %load/vec4 v0x5d41f55c9600_0;
    %pad/s 2;
    %store/vec4 v0x5d41f55c97c0_0, 0, 2;
    %load/vec4 v0x5d41f55c9600_0;
    %addi 1, 0, 32;
    %store/vec4 v0x5d41f55c9600_0, 0, 32;
    %jmp T_0.0;
T_0.1 ;
    %delay 5, 0;
    %vpi_call 2 29 "$finish" {0 0 0};
    %end;
    .thread T_0;
# The file index is used to find the file name in the following table.
:file_names 3;
    "N/A";
    "<interactive>";
    "/home/siddu/Desktop/vivado/verilog/mux4x1_using_2x1.v";
