#! /usr/bin/vvp
:ivl_version "12.0 (stable)";
:ivl_delay_selection "TYPICAL";
:vpi_time_precision - 12;
:vpi_module "/usr/lib/x86_64-linux-gnu/ivl/system.vpi";
:vpi_module "/usr/lib/x86_64-linux-gnu/ivl/vhdl_sys.vpi";
:vpi_module "/usr/lib/x86_64-linux-gnu/ivl/vhdl_textio.vpi";
:vpi_module "/usr/lib/x86_64-linux-gnu/ivl/v2005_math.vpi";
:vpi_module "/usr/lib/x86_64-linux-gnu/ivl/va_math.vpi";
S_0x558104c5c4c0 .scope module, "tb_counter" "tb_counter" 2 37;
 .timescale -9 -12;
v0x558104cad4f0_0 .net "clk", 0 0, v0x558104cad3e0_0;  1 drivers
v0x558104cad5e0_0 .net "counterOut", 3 0, v0x558104caccb0_0;  1 drivers
v0x558104cad6a0_0 .var "initial_state", 3 0;
v0x558104cad7a0_0 .var "rst", 0 0;
v0x558104cad870_0 .var "up_down", 0 0;
S_0x558104c5c650 .scope module, "c0" "counter" 2 45, 2 3 0, S_0x558104c5c4c0;
 .timescale -9 -12;
    .port_info 0 /INPUT 1 "clk";
    .port_info 1 /INPUT 1 "rst";
    .port_info 2 /INPUT 4 "initial_state";
    .port_info 3 /INPUT 1 "up_down";
    .port_info 4 /OUTPUT 4 "count";
P_0x558104c5c830 .param/l "N_bits" 0 2 5, +C4<00000000000000000000000000000100>;
v0x558104c98130_0 .net "clk", 0 0, v0x558104cad3e0_0;  alias, 1 drivers
v0x558104caccb0_0 .var "count", 3 0;
v0x558104cacd90_0 .net "initial_state", 3 0, v0x558104cad6a0_0;  1 drivers
v0x558104cace80_0 .net "rst", 0 0, v0x558104cad7a0_0;  1 drivers
v0x558104cacf40_0 .net "up_down", 0 0, v0x558104cad870_0;  1 drivers
E_0x558104c97a40 .event posedge, v0x558104cace80_0, v0x558104c98130_0;
S_0x558104cad0f0 .scope module, "clk0" "clk_gen" 2 44, 2 29 0, S_0x558104c5c4c0;
 .timescale -9 -12;
    .port_info 0 /OUTPUT 1 "clkOut";
P_0x558104cad2f0 .param/l "half_time" 0 2 30, +C4<00000000000000000000000000001010>;
v0x558104cad3e0_0 .var "clkOut", 0 0;
    .scope S_0x558104cad0f0;
T_0 ;
    %pushi/vec4 0, 0, 1;
    %store/vec4 v0x558104cad3e0_0, 0, 1;
    %end;
    .thread T_0;
    .scope S_0x558104cad0f0;
T_1 ;
    %delay 10000, 0;
    %load/vec4 v0x558104cad3e0_0;
    %inv;
    %store/vec4 v0x558104cad3e0_0, 0, 1;
    %jmp T_1;
    .thread T_1;
    .scope S_0x558104c5c650;
T_2 ;
    %wait E_0x558104c97a40;
    %load/vec4 v0x558104cace80_0;
    %flag_set/vec4 8;
    %jmp/0xz  T_2.0, 8;
    %load/vec4 v0x558104cacd90_0;
    %assign/vec4 v0x558104caccb0_0, 0;
    %jmp T_2.1;
T_2.0 ;
    %load/vec4 v0x558104cacf40_0;
    %flag_set/vec4 8;
    %jmp/0xz  T_2.2, 8;
    %load/vec4 v0x558104caccb0_0;
    %addi 1, 0, 4;
    %assign/vec4 v0x558104caccb0_0, 0;
    %jmp T_2.3;
T_2.2 ;
    %load/vec4 v0x558104caccb0_0;
    %subi 1, 0, 4;
    %assign/vec4 v0x558104caccb0_0, 0;
T_2.3 ;
T_2.1 ;
    %jmp T_2;
    .thread T_2;
    .scope S_0x558104c5c4c0;
T_3 ;
    %vpi_call 2 48 "$monitor", "%0t : count = %b", $time, v0x558104cad5e0_0 {0 0 0};
    %vpi_call 2 49 "$dumpfile", "wave.vcd" {0 0 0};
    %vpi_call 2 50 "$dumpvars", 32'sb00000000000000000000000000000000, S_0x558104c5c4c0 {0 0 0};
    %pushi/vec4 0, 0, 1;
    %store/vec4 v0x558104cad7a0_0, 0, 1;
    %pushi/vec4 1, 0, 1;
    %store/vec4 v0x558104cad870_0, 0, 1;
    %pushi/vec4 12, 0, 4;
    %store/vec4 v0x558104cad6a0_0, 0, 4;
    %delay 5000, 0;
    %pushi/vec4 1, 0, 1;
    %store/vec4 v0x558104cad7a0_0, 0, 1;
    %delay 5000, 0;
    %pushi/vec4 0, 0, 1;
    %store/vec4 v0x558104cad7a0_0, 0, 1;
    %delay 300000, 0;
    %pushi/vec4 0, 0, 1;
    %store/vec4 v0x558104cad870_0, 0, 1;
    %pushi/vec4 15, 0, 4;
    %store/vec4 v0x558104cad6a0_0, 0, 4;
    %delay 5000, 0;
    %pushi/vec4 1, 0, 1;
    %store/vec4 v0x558104cad7a0_0, 0, 1;
    %delay 5000, 0;
    %pushi/vec4 0, 0, 1;
    %store/vec4 v0x558104cad7a0_0, 0, 1;
    %delay 300000, 0;
    %vpi_call 2 71 "$finish" {0 0 0};
    %end;
    .thread T_3;
# The file index is used to find the file name in the following table.
:file_names 3;
    "N/A";
    "<interactive>";
    "/home/siddu/Desktop/vivado/verilog/N_bit_up_down_counter.v";
