#! /usr/bin/vvp
:ivl_version "12.0 (stable)";
:ivl_delay_selection "TYPICAL";
:vpi_time_precision + 0;
:vpi_module "/usr/lib/x86_64-linux-gnu/ivl/system.vpi";
:vpi_module "/usr/lib/x86_64-linux-gnu/ivl/vhdl_sys.vpi";
:vpi_module "/usr/lib/x86_64-linux-gnu/ivl/vhdl_textio.vpi";
:vpi_module "/usr/lib/x86_64-linux-gnu/ivl/v2005_math.vpi";
:vpi_module "/usr/lib/x86_64-linux-gnu/ivl/va_math.vpi";
S_0x626714969d70 .scope module, "oneBitComp_tb" "oneBitComp_tb" 2 13;
 .timescale 0 0;
v0x62671497d0a0_0 .var "a", 0 0;
v0x62671497d160_0 .net "a_eq_b0", 0 0, L_0x62671497d590;  1 drivers
v0x62671497d230_0 .net "a_gt_b0", 0 0, L_0x62671497d870;  1 drivers
v0x62671497d330_0 .net "a_lt_b0", 0 0, L_0x62671497d6f0;  1 drivers
v0x62671497d400_0 .var "b", 0 0;
v0x62671497d4f0_0 .var/i "i", 31 0;
S_0x626714969f00 .scope module, "dut" "oneBitComp" 2 16, 2 1 0, S_0x626714969d70;
 .timescale 0 0;
    .port_info 0 /INPUT 1 "a";
    .port_info 1 /INPUT 1 "b";
    .port_info 2 /OUTPUT 1 "a_gt_b";
    .port_info 3 /OUTPUT 1 "a_eq_b";
    .port_info 4 /OUTPUT 1 "a_lt_b";
L_0x62671497d590 .functor XNOR 1, v0x62671497d0a0_0, v0x62671497d400_0, C4<0>, C4<0>;
L_0x62671497d6f0 .functor AND 1, L_0x62671497d7b0, v0x62671497d400_0, C4<1>, C4<1>;
L_0x62671497d7b0 .functor NOT 1, v0x62671497d0a0_0, C4<0>, C4<0>, C4<0>;
L_0x62671497d870 .functor AND 1, v0x62671497d0a0_0, L_0x62671497d960, C4<1>, C4<1>;
L_0x62671497d960 .functor NOT 1, v0x62671497d400_0, C4<0>, C4<0>, C4<0>;
v0x62671496a560_0 .net *"_ivl_2", 0 0, L_0x62671497d7b0;  1 drivers
v0x62671497cb00_0 .net *"_ivl_5", 0 0, L_0x62671497d960;  1 drivers
v0x62671497cbe0_0 .net "a", 0 0, v0x62671497d0a0_0;  1 drivers
v0x62671497ccb0_0 .net "a_eq_b", 0 0, L_0x62671497d590;  alias, 1 drivers
v0x62671497cd70_0 .net "a_gt_b", 0 0, L_0x62671497d870;  alias, 1 drivers
v0x62671497ce80_0 .net "a_lt_b", 0 0, L_0x62671497d6f0;  alias, 1 drivers
v0x62671497cf40_0 .net "b", 0 0, v0x62671497d400_0;  1 drivers
    .scope S_0x626714969d70;
T_0 ;
    %vpi_call 2 25 "$dumpfile", "wave.vcd" {0 0 0};
    %vpi_call 2 26 "$dumpvars", 32'sb00000000000000000000000000000000, S_0x626714969d70 {0 0 0};
    %vpi_call 2 27 "$monitor", "a = %b, b = %b, a_gt_b = %b, a_eq_b = %b, a_lt_b = %b", v0x62671497d0a0_0, v0x62671497d400_0, v0x62671497d230_0, v0x62671497d160_0, v0x62671497d330_0 {0 0 0};
    %pushi/vec4 0, 0, 32;
    %store/vec4 v0x62671497d4f0_0, 0, 32;
T_0.0 ;
    %load/vec4 v0x62671497d4f0_0;
    %cmpi/s 3, 0, 32;
    %flag_or 5, 4;
    %jmp/0xz T_0.1, 5;
    %load/vec4 v0x62671497d4f0_0;
    %pad/s 2;
    %split/vec4 1;
    %store/vec4 v0x62671497d400_0, 0, 1;
    %store/vec4 v0x62671497d0a0_0, 0, 1;
    %delay 5, 0;
    %load/vec4 v0x62671497d4f0_0;
    %addi 1, 0, 32;
    %store/vec4 v0x62671497d4f0_0, 0, 32;
    %jmp T_0.0;
T_0.1 ;
    %delay 20, 0;
    %vpi_call 2 33 "$finish" {0 0 0};
    %end;
    .thread T_0;
# The file index is used to find the file name in the following table.
:file_names 3;
    "N/A";
    "<interactive>";
    "/home/siddu/Desktop/vivado/verilog/oneBitComp.v";
